// Jest Snapshot v1, https://goo.gl/fbAQLP

exports[`File renders correctly 1`] = `
<Link
  className="file"
  onClick={[Function]}
  to="http://test"
>
  test
</Link>
`;
