// Jest Snapshot v1, https://goo.gl/fbAQLP

exports[`Info renders correctly 1`] = `""`;

exports[`Info renders correctly 2`] = `
<div
  className="layer-content layer-content-info"
>
  <div
    className="lyrics"
    dangerouslySetInnerHTML={
      Object {
        "__html": "test",
      }
    }
  />
  <ul
    className="table"
  >
    <li
      className="table-row"
      key="title"
    >
      <span
        className="table-cell text-left bold"
      >
        Titel
        :
      </span>
      <span
        className="table-cell text-left"
      >
        test
      </span>
    </li>
    <li
      className="table-row"
      key="album"
    >
      <span
        className="table-cell text-left bold"
      >
        Album
        :
      </span>
      <span
        className="table-cell text-left"
      >
        <Link
          onClick={
            [MockFunction] {
              "calls": Array [
                Array [
                  Object {
                    "preventDefault": [MockFunction],
                  },
                ],
              ],
              "results": Array [
                Object {
                  "type": "return",
                  "value": undefined,
                },
              ],
            }
          }
          to="/audio/test/test"
        >
          test
        </Link>
      </span>
    </li>
    <li
      className="table-row"
      key="artist"
    >
      <span
        className="table-cell text-left bold"
      >
        KÃ¼nstler
        :
      </span>
      <span
        className="table-cell text-left"
      >
        <Link
          onClick={
            [MockFunction] {
              "calls": Array [
                Array [
                  Object {
                    "preventDefault": [MockFunction],
                  },
                ],
              ],
              "results": Array [
                Object {
                  "type": "return",
                  "value": undefined,
                },
              ],
            }
          }
          to="/audio/test"
        >
          test
        </Link>
      </span>
    </li>
  </ul>
  <Link
    className="cover"
    onClick={
      [MockFunction] {
        "calls": Array [
          Array [
            Object {
              "preventDefault": [MockFunction],
            },
          ],
        ],
        "results": Array [
          Object {
            "type": "return",
            "value": undefined,
          },
        ],
      }
    }
    to="/audio/test/test"
  >
    <Image
      alt="test"
      src="test"
    />
  </Link>
  <audio
    className="spacer"
    controls={true}
  />
</div>
`;
