// Jest Snapshot v1, https://goo.gl/fbAQLP

exports[`PageMenu renders correctly 1`] = `
<PageMenu
  activeTrack={
    Object {
      "album": Object {
        "imgPath": "test",
      },
    }
  }
>
  <Component
    id="menu"
  >
    <div />
  </Component>
</PageMenu>
`;
