// Jest Snapshot v1, https://goo.gl/fbAQLP

exports[`PageTools renders correctly with correct url params 1`] = `
<Component
  id="tools"
>
  <Component />
</Component>
`;

exports[`PageTools renders correctly with wrong url params 1`] = `<Page404 />`;

exports[`PageTools renders correctly without url params 1`] = `
<Component
  id="tools"
>
  <h2
    className="headline bold"
  >
    <Link
      to="/tools"
    >
      Kann ich helfen?
    </Link>
  </h2>
  <hr />
  <div
    className="center"
  >
    <p
      key="tv"
    >
      <Link
        onClick={[MockFunction]}
        to="/tools/tv"
      >
        Gleich geht's ins Bettchen.
      </Link>
    </p>
    <p
      key="learn"
    >
      <Link
        onClick={[MockFunction]}
        to="/tools/learn"
      >
        Ich wei√ü Bescheid.
      </Link>
    </p>
    <p
      key="clock"
    >
      <Link
        onClick={[MockFunction]}
        to="/tools/clock"
      >
        Keine Zeit.
      </Link>
    </p>
  </div>
</Component>
`;
