// Jest Snapshot v1, https://goo.gl/fbAQLP

exports[`renders correctly with all parameters 1`] = `
<ContextConsumer>
  <Component />
</ContextConsumer>
`;

exports[`renders correctly with id only 1`] = `
<ContextConsumer>
  <Component />
</ContextConsumer>
`;
