// Jest Snapshot v1, https://goo.gl/fbAQLP

exports[`PageVideo renders correctly 1`] = `
<Component
  id="video"
>
  <Component
    key="test"
    video={
      Object {
        "id": "test",
      }
    }
  />
</Component>
`;
