// Jest Snapshot v1, https://goo.gl/fbAQLP

exports[`ScrollTop renders the children 1`] = `
<Route>
  <Component />
</Route>
`;
